Allumettes restantes : 13
Ordinateur prend 3 allumettes.

Allumettes restantes : 10
[Je triche...]
[Allumettes restantes : 2]
Tricheur prend 1 allumette.

Allumettes restantes : 1
Ordinateur prend 1 allumette.

Ordinateur perd !
Tricheur gagne !
