Allumettes restantes : 13
Ordinateur prend 3 allumettes.

Allumettes restantes : 10
[Je triche...]
Abandon de la partie car Tricheur triche !
